[2026-10-08T15:39:19.221Z][INFO] Command-line: 'C:\\Program Files\\Unity\\Hub\\Editor\\6000.5.5f1\\Editor\\Data\\Resources\\PackageManager\\Server\\UnityPackageManager.exe' server -s 8272 --ipc-path Unity-Upm-8272 -l 2 --log-file C:\\Users\\xboxd\\OneDrive\\Desktop\\Unity\\Lorden_UnityIIClass2/Logs/upm.log
[2026-10-08T15:39:19.277Z][INFO] IPC server started (IPC path=Unity-Upm-8272).
[2026-10-08T15:39:19.278Z][INFO] Hint: To connect to this UPM instance, launch Unity with the command-line parameter -upmIpcPath Upm-8272.
[2026-10-08T15:39:28.448Z][INFO] project:list-packages <-- Request received
params: {}
[2026-10-08T15:39:28.640Z][INFO] config:project:get-registries <-- Request received
params: {}
[2026-10-08T15:39:28.648Z][INFO] config:project:get-registries --> 200 (8 ms)
[2026-10-08T15:39:28.655Z][INFO] project:list-packages <-- Request received
params: {}
[2026-10-08T15:39:28.769Z][INFO] project:update-dependencies <-- Request received
params: {}
[2026-10-08T15:39:28.846Z][INFO] project:update-dependencies --> 200 (77 ms)
[2026-10-08T15:39:28.886Z][INFO] project:resolve-packages <-- Request received
params: {}
[2026-10-08T15:39:28.913Z][INFO] project:list-packages --> 200 (465 ms)
[2026-10-08T15:39:28.929Z][INFO] project:list-packages --> 200 (274 ms)
[2026-10-08T15:39:52.768Z][WARN] Requested version [4.9.3] for package [com.unity.searcher] overridden by minimum version [4.9.4].
[2026-10-08T15:39:52.768Z][WARN] Requested version [1.8.14] for package [com.unity.burst] overridden by minimum version [1.8.29].
[2026-10-08T15:39:52.768Z][WARN] Requested version [3.2.0] for package [com.unity.test-framework.performance] overridden by minimum version [3.5.0].
[2026-10-08T15:39:52.769Z][INFO] project:resolve-packages --> 200 (23883 ms)
[2026-10-08T15:40:50.768Z][INFO] project:list-packages <-- Request received
params: {}
[2026-10-08T15:40:50.796Z][INFO] project:list-packages <-- Request received
params: {}
[2026-10-08T15:40:51.134Z][INFO] project:list-packages --> 200 (367 ms)
[2026-10-08T15:40:51.157Z][INFO] project:list-packages --> 200 (362 ms)
[2026-10-08T15:40:51.904Z][INFO] project:list-packages <-- Request received
params: {}
[2026-10-08T15:40:52.098Z][INFO] project:list-packages --> 200 (194 ms)
[2026-10-08T15:40:52.218Z][INFO] config:project:get-registries <-- Request received
params: {}
[2026-10-08T15:40:52.224Z][INFO] config:project:get-registries --> 200 (6 ms)
[2026-10-08T15:41:40.748Z][INFO] project:list-packages <-- Request received
params: {}
[2026-10-08T15:41:40.956Z][INFO] project:list-packages --> 200 (208 ms)
[2026-10-08T15:41:41.058Z][INFO] project:list-packages <-- Request received
params: {}
[2026-10-08T15:41:41.268Z][INFO] project:list-packages --> 200 (210 ms)
[2026-10-08T15:41:56.041Z][INFO] packages:get-all-packageinfo <-- Request received
params: {}
[2026-10-08T15:41:56.055Z][INFO] packages:get-all-packageinfo <-- Request received
params: {}
[2026-10-08T15:41:57.577Z][INFO] packages:get-all-packageinfo --> 200 (1522 ms)
[2026-10-08T15:41:58.162Z][INFO] packages:get-packageinfo <-- Request received
params: {
  "packageId": "com.unity.addressables@2.9.1"
}
[2026-10-08T15:41:58.182Z][INFO] packages:get-packageinfo <-- Request received
params: {
  "packageId": "com.unity.ads.ios-support@1.0.1"
}
[2026-10-08T15:41:58.195Z][INFO] packages:get-packageinfo <-- Request received
params: {
  "packageId": "com.unity.asset-manager-for-unity@1.11.0"
}
[2026-10-08T15:41:58.213Z][INFO] packages:get-packageinfo <-- Request received
params: {
  "packageId": "com.unity.learn.iet-framework@5.0.4"
}
[2026-10-08T15:41:58.225Z][INFO] packages:get-packageinfo <-- Request received
params: {
  "packageId": "com.unity.learn.iet-framework.authoring@1.5.4"
}
[2026-10-08T15:41:58.245Z][INFO] packages:get-packageinfo <-- Request received
params: {
  "packageId": "com.unity.microsoft.gdk@1.6.0"
}
[2026-10-08T15:41:58.246Z][INFO] packages:get-packageinfo <-- Request received
params: {
  "packageId": "com.unity.microsoft.gdk.tools@1.6.0"
}
[2026-10-08T15:41:58.310Z][INFO] packages:get-packageinfo <-- Request received
params: {
  "packageId": "com.unity.mobile.notifications@2.4.3"
}
[2026-10-08T15:41:58.311Z][INFO] packages:get-packageinfo <-- Request received
params: {
  "packageId": "com.unity.platformtoolkit@1.1.0"
}
[2026-10-08T15:41:58.312Z][INFO] packages:get-packageinfo <-- Request received
params: {
  "packageId": "com.unity.polyspatial.extensions@3.1.5"
}
[2026-10-08T15:41:58.313Z][INFO] packages:get-packageinfo <-- Request received
params: {
  "packageId": "com.unity.polyspatial.visionos@3.1.5"
}
[2026-10-08T15:41:58.372Z][INFO] packages:get-packageinfo <-- Request received
params: {
  "packageId": "com.unity.project-auditor-rules@1.0.3"
}
[2026-10-08T15:41:58.373Z][INFO] packages:get-packageinfo <-- Request received
params: {
  "packageId": "com.unity.scriptablebuildpipeline@2.6.2"
}
[2026-10-08T15:41:58.374Z][INFO] packages:get-packageinfo <-- Request received
params: {
  "packageId": "com.unity.services.authentication@3.7.4"
}
[2026-10-08T15:41:58.374Z][INFO] packages:get-packageinfo <-- Request received
params: {
  "packageId": "com.unity.services.friends@1.1.1"
}
[2026-10-08T15:41:58.431Z][INFO] packages:get-packageinfo <-- Request received
params: {
  "packageId": "com.unity.services.moderation@1.0.2"
}
[2026-10-08T15:41:58.432Z][INFO] packages:get-packageinfo <-- Request received
params: {
  "packageId": "com.unity.services.multiplayer@2.2.4"
}
[2026-10-08T15:41:58.433Z][INFO] packages:get-packageinfo <-- Request received
params: {
  "packageId": "com.unity.xr.androidxr-openxr@1.3.2"
}
[2026-10-08T15:41:58.433Z][INFO] packages:get-packageinfo <-- Request received
params: {
  "packageId": "com.unity.xr.arcore@6.5.1"
}
[2026-10-08T15:41:58.434Z][INFO] packages:get-packageinfo <-- Request received
params: {
  "packageId": "com.unity.xr.arfoundation@6.5.1"
}
[2026-10-08T15:41:58.541Z][INFO] project:list-packages <-- Request received
params: {}
[2026-10-08T15:41:59.607Z][INFO] packages:get-packageinfo --> 200 (1233 ms)
[2026-10-08T15:41:59.608Z][INFO] packages:get-packageinfo --> 200 (1297 ms)
[2026-10-08T15:41:59.610Z][INFO] packages:get-packageinfo --> 200 (1235 ms)
[2026-10-08T15:41:59.611Z][INFO] packages:get-packageinfo --> 200 (1181 ms)
[2026-10-08T15:41:59.615Z][INFO] packages:get-packageinfo --> 200 (1183 ms)
[2026-10-08T15:41:59.644Z][INFO] packages:get-packageinfo <-- Request received
params: {
  "packageId": "com.unity.xr.arkit@6.5.1"
}
[2026-10-08T15:41:59.699Z][INFO] packages:get-packageinfo --> 200 (1537 ms)
[2026-10-08T15:41:59.704Z][INFO] packages:get-packageinfo --> 200 (1332 ms)
[2026-10-08T15:41:59.710Z][INFO] packages:get-packageinfo --> 200 (1528 ms)
[2026-10-08T15:41:59.712Z][INFO] packages:get-packageinfo --> 200 (1517 ms)
[2026-10-08T15:41:59.722Z][INFO] packages:get-packageinfo --> 200 (1289 ms)
[2026-10-08T15:41:59.729Z][INFO] packages:get-packageinfo --> 200 (1296 ms)
[2026-10-08T15:41:59.738Z][INFO] packages:get-packageinfo --> 200 (1304 ms)
[2026-10-08T15:41:59.749Z][INFO] packages:get-packageinfo --> 200 (1376 ms)
[2026-10-08T15:41:59.773Z][INFO] packages:get-packageinfo --> 200 (1560 ms)
[2026-10-08T15:41:59.777Z][INFO] packages:get-packageinfo --> 200 (1552 ms)
[2026-10-08T15:41:59.787Z][INFO] packages:get-packageinfo <-- Request received
params: {
  "packageId": "com.unity.xr.compositionlayers@2.5.0"
}
[2026-10-08T15:41:59.789Z][INFO] packages:get-packageinfo <-- Request received
params: {
  "packageId": "com.unity.xr.hands@1.8.1"
}
[2026-10-08T15:41:59.790Z][INFO] packages:get-packageinfo <-- Request received
params: {
  "packageId": "com.unity.xr.interaction.toolkit@3.5.1"
}
[2026-10-08T15:41:59.791Z][INFO] packages:get-packageinfo <-- Request received
params: {
  "packageId": "com.unity.xr.management@4.5.4"
}
[2026-10-08T15:41:59.828Z][INFO] packages:get-packageinfo <-- Request received
params: {
  "packageId": "com.unity.xr.meta-openxr@2.5.1"
}
[2026-10-08T15:41:59.829Z][INFO] packages:get-packageinfo <-- Request received
params: {
  "packageId": "com.unity.xr.openxr@1.17.1"
}
[2026-10-08T15:41:59.882Z][INFO] packages:get-packageinfo <-- Request received
params: {
  "packageId": "com.unity.xr.visionos@3.1.5"
}
[2026-10-08T15:41:59.960Z][INFO] packages:get-packageinfo --> 200 (1715 ms)
[2026-10-08T15:41:59.960Z][INFO] packages:get-packageinfo --> 200 (1714 ms)
[2026-10-08T15:41:59.962Z][INFO] packages:get-packageinfo --> 200 (1652 ms)
[2026-10-08T15:41:59.964Z][INFO] packages:get-packageinfo --> 200 (1651 ms)
[2026-10-08T15:41:59.964Z][INFO] packages:get-packageinfo --> 200 (1652 ms)
[2026-10-08T15:42:00.108Z][INFO] packages:get-packageinfo --> 200 (320 ms)
[2026-10-08T15:42:00.109Z][INFO] packages:get-packageinfo --> 200 (281 ms)
[2026-10-08T15:42:00.111Z][INFO] packages:get-packageinfo --> 200 (320 ms)
[2026-10-08T15:42:00.112Z][INFO] packages:get-packageinfo --> 200 (325 ms)
[2026-10-08T15:42:00.118Z][INFO] packages:get-packageinfo --> 200 (328 ms)
[2026-10-08T15:42:00.125Z][INFO] packages:get-packageinfo --> 200 (480 ms)
[2026-10-08T15:42:00.136Z][INFO] packages:get-packageinfo --> 200 (255 ms)
[2026-10-08T15:42:00.146Z][INFO] packages:get-all-packageinfo --> 200 (4106 ms)
[2026-10-08T15:42:00.151Z][INFO] packages:get-packageinfo --> 200 (321 ms)
[2026-10-08T15:42:00.435Z][INFO] project:list-packages --> 200 (1894 ms)
[2026-10-08T15:43:14.638Z][INFO] project:list-packages <-- Request received
params: {}
[2026-10-08T15:43:14.810Z][INFO] project:list-packages --> 200 (172 ms)
[2026-10-08T15:43:15.083Z][INFO] project:list-packages <-- Request received
params: {}
[2026-10-08T15:43:15.259Z][INFO] project:list-packages --> 200 (176 ms)
[2026-10-08T15:43:15.321Z][INFO] config:project:get-registries <-- Request received
params: {}
[2026-10-08T15:43:15.326Z][INFO] config:project:get-registries --> 200 (5 ms)
[2026-10-08T16:51:26.925Z][INFO] project:list-packages <-- Request received
params: {}
[2026-10-08T16:51:28.419Z][INFO] project:list-packages --> 200 (1497 ms)
[2026-10-08T16:51:38.280Z][INFO] project:add-remove-dependencies <-- Request received
params: {}
[2026-10-08T16:51:39.543Z][INFO] Downloading package [com.unity.cinemachine@3.1.7] from registry 'https://packages.unity.com'
[2026-10-08T16:51:43.206Z][INFO] Finished downloading package [com.unity.cinemachine@3.1.7] from registry 'https://packages.unity.com' (size: 12.2 MB, time: 3.6s)
[2026-10-08T16:51:46.278Z][INFO] project:add-remove-dependencies --> 200 (7998 ms)
[2026-10-08T16:51:46.337Z][INFO] project:add-remove-dependencies <-- Request received
params: {}
[2026-10-08T16:51:46.900Z][INFO] project:add-remove-dependencies --> 200 (562 ms)
[2026-10-08T16:51:47.115Z][INFO] project:list-packages <-- Request received
params: {}
[2026-10-08T16:51:47.144Z][INFO] project:resolve-packages <-- Request received
params: {}
[2026-10-08T16:51:47.387Z][INFO] project:list-packages --> 200 (272 ms)
[2026-10-08T16:51:47.464Z][WARN] Requested version [2.0.0] for package [com.unity.splines] overridden by minimum version [2.9.0].
[2026-10-08T16:51:47.464Z][WARN] Requested version [4.9.3] for package [com.unity.searcher] overridden by minimum version [4.9.4].
[2026-10-08T16:51:47.464Z][WARN] Requested version [1.8.14] for package [com.unity.burst] overridden by minimum version [1.8.29].
[2026-10-08T16:51:47.464Z][WARN] Requested version [3.2.0] for package [com.unity.test-framework.performance] overridden by minimum version [3.5.0].
[2026-10-08T16:51:47.464Z][WARN] Requested version [1.0.3] for package [com.unity.settings-manager] overridden by minimum version [2.1.1].
[2026-10-08T16:51:47.466Z][INFO] project:resolve-packages --> 200 (323 ms)
[2026-10-08T16:51:47.586Z][INFO] config:project:get-registries <-- Request received
params: {}
[2026-10-08T16:51:47.592Z][INFO] config:project:get-registries --> 200 (5 ms)
[2026-10-08T16:51:47.596Z][INFO] project:list-packages <-- Request received
params: {}
[2026-10-08T16:51:48.904Z][INFO] project:list-packages --> 200 (1308 ms)
[2026-10-08T16:52:30.123Z][INFO] project:list-packages <-- Request received
params: {}
[2026-10-08T16:52:30.164Z][INFO] project:list-packages <-- Request received
params: {}
[2026-10-08T16:52:30.400Z][INFO] project:list-packages --> 200 (278 ms)
[2026-10-08T16:52:30.433Z][INFO] project:list-packages <-- Request received
params: {}
[2026-10-08T16:52:30.444Z][INFO] project:list-packages <-- Request received
params: {}
[2026-10-08T16:52:30.456Z][INFO] project:list-packages --> 200 (292 ms)
[2026-10-08T16:52:30.743Z][INFO] project:list-packages --> 200 (309 ms)
[2026-10-08T16:52:30.744Z][INFO] project:list-packages --> 200 (300 ms)
[2026-10-08T16:52:30.890Z][INFO] config:project:get-registries <-- Request received
params: {}
[2026-10-08T16:52:30.895Z][INFO] config:project:get-registries --> 200 (5 ms)
[2026-10-08T16:52:34.785Z][INFO] project:list-packages <-- Request received
params: {}
[2026-10-08T16:52:34.980Z][INFO] project:list-packages --> 200 (196 ms)
[2026-10-08T16:56:17.734Z][INFO] project:list-packages <-- Request received
params: {}
[2026-10-08T16:56:17.935Z][INFO] project:list-packages --> 200 (201 ms)
[2026-10-08T16:56:18.040Z][INFO] project:list-packages <-- Request received
params: {}
[2026-10-08T16:56:18.056Z][INFO] project:list-packages <-- Request received
params: {}
[2026-10-08T16:56:18.449Z][INFO] project:list-packages --> 200 (410 ms)
[2026-10-08T16:56:18.451Z][INFO] project:list-packages --> 200 (395 ms)
[2026-10-08T16:56:18.514Z][INFO] config:project:get-registries <-- Request received
params: {}
[2026-10-08T16:56:18.518Z][INFO] config:project:get-registries --> 200 (4 ms)
[2026-10-08T17:00:21.068Z][INFO] project:list-packages <-- Request received
params: {}
[2026-10-08T17:00:21.267Z][INFO] project:list-packages --> 200 (199 ms)
[2026-10-08T17:00:21.359Z][INFO] project:list-packages <-- Request received
params: {}
[2026-10-08T17:00:21.373Z][INFO] project:list-packages <-- Request received
params: {}
[2026-10-08T17:00:21.716Z][INFO] project:list-packages --> 200 (357 ms)
[2026-10-08T17:00:21.718Z][INFO] project:list-packages --> 200 (345 ms)
[2026-10-08T17:00:21.821Z][INFO] config:project:get-registries <-- Request received
params: {}
[2026-10-08T17:00:21.825Z][INFO] config:project:get-registries --> 200 (4 ms)
[2026-10-08T17:02:13.354Z][INFO] project:list-packages <-- Request received
params: {}
[2026-10-08T17:02:13.588Z][INFO] project:list-packages --> 200 (234 ms)
[2026-10-08T17:02:13.699Z][INFO] project:list-packages <-- Request received
params: {}
[2026-10-08T17:02:13.714Z][INFO] project:list-packages <-- Request received
params: {}
[2026-10-08T17:02:14.062Z][INFO] project:list-packages --> 200 (363 ms)
[2026-10-08T17:02:14.088Z][INFO] project:list-packages --> 200 (374 ms)
[2026-10-08T17:02:14.185Z][INFO] config:project:get-registries <-- Request received
params: {}
[2026-10-08T17:02:14.196Z][INFO] config:project:get-registries --> 200 (11 ms)
[2026-10-08T17:31:21.311Z][INFO] project:list-packages <-- Request received
params: {}
[2026-10-08T17:31:21.752Z][INFO] project:list-packages <-- Request received
params: {}
[2026-10-08T17:31:25.198Z][INFO] project:list-packages --> 200 (3887 ms)
[2026-10-08T17:31:25.200Z][INFO] project:list-packages --> 200 (3448 ms)
[2026-10-08T17:31:26.319Z][INFO] project:list-packages <-- Request received
params: {}
[2026-10-08T17:31:26.495Z][INFO] project:list-packages --> 200 (176 ms)
[2026-10-08T17:31:26.982Z][INFO] project:list-packages <-- Request received
params: {}
[2026-10-08T17:31:27.154Z][INFO] project:list-packages --> 200 (172 ms)
